 tofu  ./tofu/                     chat   agents   edits   shells                     0s [settings] 
                                                                                                    
                                                                                                   │
  Sub-agents               All activity                                     6-8/8 · wheel ↑ older  │
  3 agents · live acti…                                                                            │
                           │    spawned [&c3]                                                 │    │
  OVERVIEW                 │                                                                  │    │
  › All activity      8    ╰──────────────────────────────────────────────────────────────────╯    │
                                                                                                   │
  ACTIVE  0                ╭──────────────────────────────────────────────────────────────────╮    │
                           │                                                                  │    │
  WAITING  3               │  [&c3]  tool                        just now  [tool#7c3e01]      │    │
    [&orchestrator]   .    │  bash                                                            │    │
    Waiting for request    │  go test ./internal/shell/...                                    │    │
    [&c1]             .    │  complete                                                        │    │
    read the policy lo…    │    exit 1                                                        │    │
    [&c2]             .    │    --- FAIL: TestKillTree (0.31s)                                │    │
    write the ledger f…    │                                                                  │    │
                           ╰──────────────────────────────────────────────────────────────────╯    │
  DEAD  1                                                                                          │
    [&c3]             ✗    ╭──────────────────────────────────────────────────────────────────╮    │
    run the shell suite    │                                                                  │    ┃
                           │  [&orchestrator]  tool              just now  [tool#9d4f10]      │    ┃
                           │  read                                                            │    ┃
                           │  internal/turn/loop.go                                           │    ┃
                           │  complete                                                        │    ┃
                           │    412 lines, 11.8 KB                                            │    ┃
                           │                                                                  │    ┃
                           ╰──────────────────────────────────────────────────────────────────╯     
 ctx 118k/250k  |  claude-sub 5h 62%                                                                
 tofu  ./tofu/                     chat   agents   edits   shells                     0s [settings] 
                                                                                                    
                                                                                                   │
  Sub-agents               [&c1]                                                   1-3/3 · newest  │
  3 agents · live acti…                                                                            ┃
                           │                                                                  │    ┃
  OVERVIEW                 │  [&c1]  owns                                                     │    ┃
    All activity      8    │  internal/judge/policy/**                                        │    ┃
                           │                                                                  │    ┃
  ACTIVE  0                ╰──────────────────────────────────────────────────────────────────╯    ┃
                                                                                                   ┃
  WAITING  3               ╭──────────────────────────────────────────────────────────────────╮    ┃
    [&orchestrator]   .    │                                                                  │    ┃
    Waiting for request    │  [&c1]  tool                        just now  [tool#7a1c02]      │    ┃
  › [&c1]             .    │  read                                                            │    ┃
    read the policy lo…    │  internal/judge/policy/resolve.go                                │    ┃
    [&c2]             .    │  complete                                                        │    ┃
    write the ledger f…    │    209 lines, 6.2 KB                                             │    ┃
                           │                                                                  │    ┃
  DEAD  1                  ╰──────────────────────────────────────────────────────────────────╯    ┃
    [&c3]             ✗                                                                            ┃
    run the shell suite    ╭──────────────────────────────────────────────────────────────────╮    ┃
                           │                                                                  │    ┃
                           │  [&c1]  tool                        just now  [tool#7a1c03]      │    ┃
                           │  grep                                                            │    ┃
                           │  Resolve( internal/judge                                         │    ┃
                           │  running                                                         │    ┃
                           │                                                                  │    ┃
                           ╰──────────────────────────────────────────────────────────────────╯     
 ctx 118k/250k  |  claude-sub 5h 62%                                                                
 tofu  ./tofu/                     chat   agents   edits   shells                     0s [settings] 
                                                                                                    
                                                                                                   │
  File edits               internal/judge/ledger/floor_rows.go                      [edit#e5a102]  │
  2 files  ·  2 changes    ADDED  ·  2/2 files  ·  +1.2k  +0  ·                                    │
  1 mod · 1 new · 0 del    @internal/judge/ledger/floor_rows.go                                    │
  +1.2k  -2 lines          1181-1200/1200  ·  PgUp/PgDn · n/p                                      │
                                                                                                   │
  AUTHOR                   + 1181  var row1181 = floorRow{Question: "risk", Line: 1181}            │
  › All changes       2    + 1182  var row1182 = floorRow{Question: "risk", Line: 1182}            │
    &tofu     +1.2k  -2    + 1183  var row1183 = floorRow{Question: "risk", Line: 1183}            │
                           + 1184  var row1184 = floorRow{Question: "risk", Line: 1184}            │
  FILES                    + 1185  var row1185 = floorRow{Question: "risk", Line: 1185}            │
  + [edit#e5a102] floo…    + 1186  var row1186 = floorRow{Question: "risk", Line: 1186}            │
  ~ [edit#e5a101] reso…    + 1187  var row1187 = floorRow{Question: "risk", Line: 1187}            │
                           + 1188  var row1188 = floorRow{Question: "risk", Line: 1188}            │
                           + 1189  var row1189 = floorRow{Question: "risk", Line: 1189}            │
                           + 1190  var row1190 = floorRow{Question: "risk", Line: 1190}            │
                           + 1191  var row1191 = floorRow{Question: "risk", Line: 1191}            │
                           + 1192  var row1192 = floorRow{Question: "risk", Line: 1192}            │
                           + 1193  var row1193 = floorRow{Question: "risk", Line: 1193}            │
                           + 1194  var row1194 = floorRow{Question: "risk", Line: 1194}            │
                           + 1195  var row1195 = floorRow{Question: "risk", Line: 1195}            │
                           + 1196  var row1196 = floorRow{Question: "risk", Line: 1196}            │
                           + 1197  var row1197 = floorRow{Question: "risk", Line: 1197}            │
                           + 1198  var row1198 = floorRow{Question: "risk", Line: 1198}            │
                           + 1199  var row1199 = floorRow{Question: "risk", Line: 1199}            │
                           + 1200  var lastRow = floorRow{Question: "risk", Line: 1200}            ┃
                                                                                                    
 ctx 118k/250k  |  claude-sub 5h 62%                                                                
