                      
  tofu settings         Browser                                         global scope (shift+tab)
  Global preferences    Choose a row to inspect and change its value.
                      
  CATEGORIES              Browser                                                      drive  ▾ 
                                                                                                  
   Select model            CATALOG                                     SELECTION                  
   14 models               ←→ provider · tab roles                                                
                                                                       muse-spark-1.3             
   Models  Roles           > muse-spark-1.3                            meta/muse-spark-1.3        
                                                                                                  
   PROVIDERS               › muse-spark-1.3                            source  meta               
   › all                     meta                                      kind    llm                
     claude-sub              muse-spark-1.3-contributor                pays    key                
     Meta · no key           meta                                      window                     
                                                                       layer   library            
   f5 reloads models                                                   key     not set            
                                                                                                  
                                                                       ASSIGN TO                  
                                                                       Browser model              
                                                                                                  
                                                                       enter asks for the key     
                                                                                                  
                                                                                                  
                                                                                                  
                      
                      
                      
                      
                      
                      
  tofu settings         Browser                                         global scope (shift+tab)
  Global preferences    Choose a row to inspect and change its value.
                      
  CATEGORIES              Browser                                                      drive  ▾ 
                                                                                                  
   Select model            CATALOG                                     SELECTION                  
   14 models               ←→ provider · tab roles                                                
                                                                       muse-spark-1.3             
   Models  Roles             Meta key                           esc    meta/muse-spark-1.3        
                             for meta/muse-spark-1.3                                              
   PROVIDERS                                                           source  meta               
   › all                     ╭────────────────────────────────────╮    kind    llm                
     claude-sub              │ checking with Meta                 │    pays    key                
     Meta · no key           ╰────────────────────────────────────╯    window                     
                                                                       layer   library            
   f5 reloads models         stored in the credential store, never     key     not set            
                             shown                                                                
                                                                       ASSIGN TO                  
                             esc cancel                                Browser model              
                                                                                                  
                                                                       enter asks for the key     
                                                                                                  
                                                                                                  
                                                                                                  
                      
                      
                      
                      
                      
                                                                                                    
  tofu settings         Browser                                         global scope (shift+tab)    
  Global preferences    Choose a row to inspect and change its value.                               
                                                                                                    
  CATEGORIES              Browser                                                      drive  ▾     
    Appearance    05      drive lets the model read your Chrome tabs and click and type in them…    
    Models & rol… 02                                                                                
    Interaction   05      Browser driver                                            subagent  ▾     
    Context       11      subagent gives the browser steps to a browser sub-agent on browserMod…    
    Files         03                                                                                
    Shell         05      Browser steps                                                   30  ▾     
    Turn          13      how many actions one browser task may take                                
  › Browser       06                                                                                
                        › Browser model                                  meta/muse-spark-1.3  ▾     
  NAVIGATE                the subscription model a browser task asks for the text to type and f…    
  ↑↓ setting · ←→                                                                                   
  section                 Browser effort                                             default  ▾     
  ctrl+k search ·         the effort the browser sub-agent runs at, when its model lists it; em…    
  esc chat                                                                                          
                          Browser cursor                                                    ● on    
                          a small cursor labelled tofu glides to each click in tofu's own tab, …    
                                                                                                    
                        enter change  ·  shift+tab scope  ·  esc chat                               
                                                                                                    
                                                                                                    
                                                                                                    
                                                                                                    
                                                                                                    
                                                                                                    
 Browser model now runs meta/muse-spark-1.3                                                         
