                                                                                                    
  tofu settings         Models & roles                                  global scope (shift+tab)    
  Global preferences    Choose a row to inspect and change its value.                               
                                                                                                    
  CATEGORIES            › Orchestrator model                                                  ▾     
    Appearance    05      the model that plans and hands work to sub-agents                         
  › Models & rol… 02                                                                                
    Interaction   05      Classifier model                             openrouter/jev-latest  ▾     
    Context       08      the typed model that judges the model's calls, shell results, browser…    
    Files         03                                                                                
    Shell         05    enter change  ·  shift+tab scope  ·  esc chat                               
    Turn          12                                                                                
    Browser       06                                                                                
                                                                                                    
  NAVIGATE                                                                                          
  ↑↓ setting · ←→                                                                                   
  section                                                                                           
  ctrl+k search ·                                                                                   
  esc chat                                                                                          
                                                                                                    
                                                                                                    
                                                                                                    
                                                                                                    
                                                                                                    
                                                                                                    
                                                                                                    
                                                                                                    
                                                                                                    
                                                                                                    
                                                                                                    
                      
  tofu settings         Models & roles                                  global scope (shift+tab)
  Global preferences    Choose a row to inspect and change its value.
                      
  CATEGORIES              Orchestrator model                                                  ▾ 
                                                                                                  
   Select model            CATALOG                                     SELECTION                  
   2 models                ←→ provider · tab roles                                                
                                                                       jev-latest                 
   Models  Roles           > Type to filter                            typesafe/jev-latest        
                                                                                                  
   PROVIDERS                 jev-latest                                source  typesafe           
   › all                     openrouter                                kind    classifier         
     OpenRouter · no key   › jev-latest                                pays    key                
     TypeSafe · no key       typesafe                                  window                     
                                                                       layer   library            
   f5 reloads models                                                   key     not set            
                                                                                                  
                                                                       ASSIGN TO                  
                                                                       Classifier model           
                                                                                                  
                                                                       enter asks for the key     
                                                                                                  
                                                                                                  
                                                                                                  
                      
                      
                      
                      
                      
                      
  tofu settings         Models & roles                                  global scope (shift+tab)
  Global preferences    Choose a row to inspect and change its value.
                      
  CATEGORIES              Orchestrator model                                                  ▾ 
                                                                                                  
   Select model            CATALOG                                     SELECTION                  
   2 models                ←→ provider · tab roles                                                
                                                                       jev-latest                 
   Models  Roles             TypeSafe key                       esc    typesafe/jev-latest        
                             for typesafe/jev-latest                                              
   PROVIDERS                                                           source  typesafe           
   › all                     ╭────────────────────────────────────╮    kind    classifier         
     OpenRouter · no key     │ › ts-m…9a7c  19 chars  prefix no…█ │    pays    key                
     TypeSafe · no key       ╰────────────────────────────────────╯    window                     
                                                                       layer   library            
   f5 reloads models         stored in the credential store, never     key     not set            
                             shown                                                                
                                                                       ASSIGN TO                  
                             enter save · esc cancel                   Classifier model           
                                                                                                  
                                                                       enter asks for the key     
                                                                                                  
                                                                                                  
                                                                                                  
                      
                      
                      
                      
                      
                                                                                                    
  tofu settings         Models & roles                                  global scope (shift+tab)    
  Global preferences    Choose a row to inspect and change its value.                               
                                                                                                    
  CATEGORIES              Orchestrator model                                                  ▾     
    Appearance    05      the model that plans and hands work to sub-agents                         
  › Models & rol… 02                                                                                
    Interaction   05    › Classifier model                               typesafe/jev-latest  ▾     
    Context       08      the typed model that judges the model's calls, shell results, browser…    
    Files         03                                                                                
    Shell         05    enter change  ·  shift+tab scope  ·  esc chat                               
    Turn          12                                                                                
    Browser       06                                                                                
                                                                                                    
  NAVIGATE                                                                                          
  ↑↓ setting · ←→                                                                                   
  section                                                                                           
  ctrl+k search ·                                                                                   
  esc chat                                                                                          
                                                                                                    
                                                                                                    
                                                                                                    
                                                                                                    
                                                                                                    
                                                                                                    
                                                                                                    
                                                                                                    
                                                                                                    
                                                                                                    
 classifier now runs typesafe/jev-latest                                                            
