 tofu  ./tofu/                   chat   agents   edits   shells (1)                   0s [settings] 
                                                                                                    
                                                                                                    
                                                                                                    
                                                                                                    
                                                                                                    
                                                                                                    
                                                                                                    
                                                                                                    
                                                                                                    
                                                                                                    
                                                                                                    
                                                                                                    
                                                                                                    
                                                                                                    
                                                                                                    
                                                                                                    
                                                                                                    
                                                                                                    
                                                                                                    
                                                                                                    
                                                                                                    
                                                                                                    
                                                                                                    
                                                                                                    
                                                                                                    
                                                                                                    
  one                                                                                               
                                                                                                    
 ctx 118k/250k  |  claude 62%     [&orchestrator]  ·  claude-sub/claude-opus-5  ·  reasoning medium 
 tofu  ./tofu/                   chat   agents   edits   shells (1)                   0s [settings] 
                                                                                                    
                                                                                                    
                                                                                                    
                                                                                                    
                                                                                                    
                                                                                                    
                                                                                                    
                                                                                                    
                                                                                                    
                                                                                                    
                                                                                                    
                                                                                                    
                                                                                                    
                                                                                                    
                                                                                                    
                                                                                                    
                                                                                                    
                                                                                                    
                                                                                                    
                                                                                                    
                                                                                                    
                                                                                                    
                                                                                                    
                                                                                                    
                                                                                                    
  one                                                                                               
  two                                                                                               
  three                                                                                             
 ctx 118k/250k  |  claude 62%     [&orchestrator]  ·  claude-sub/claude-opus-5  ·  reasoning medium 
 tofu  ./tofu/                   chat   agents   edits   shells (1)                   0s [settings] 
                                                                                                    
                                                                                                    
                                                                                                    
                                                                                                    
                                                                                                    
                                                                                                    
                                                                                                    
                                                                                                    
                                                                                                    
                                                                                                    
                                                                                                    
                                                                                                    
                                                                                                    
                                                                                                    
                                                                                                    
                                                                                                    
                                                                                                    
                                                                                                    
                                                                                                    
                                                                                                    
  three                                                                                             
  four                                                                                              
  five                                                                                              
  six                                                                                               
  seven                                                                                             
  eight                                                                                             
  nine                                                                                              
  ten                                                                                               
 ctx 118k/250k  |  claude 62%     [&orchestrator]  ·  claude-sub/claude-opus-5  ·  reasoning medium 
