 tofu  ./tofu/                   chat   agents   edits   shells (1)                   0s [settings] 
                                                                                                    
                                                                                                    
                                                                                                    
                                                                                                    
                                                                                                    
                                                                                                    
                                                                                                    
                                                                                                    
                                                                                                    
                                                                                                    
                                                                                                    
                                                                                                    
                                                                                                    
                                                                                                    
                                                                                                    
                                                                                                    
                                                                                                    
                                                                                                    
                                                                                                    
                                                                                                    
                                                                                                    
                                                                                                    
                                                                                                    
                                                                                                    
                                                                                                    
                                                                                                    
  12 abx3y4                                                                                         
                                                                                                    
 ctx 118k/250k  |  claude 62%     [&orchestrator]  ·  claude-sub/claude-opus-5  ·  reasoning medium 
 tofu  ./tofu/                   chat   agents   edits   shells (1)                   0s [settings] 
                                                                                                    
                                                                                                    
  Sub-agents               All activity                                            0-0/0 · newest   
  0 agents · live acti…                                                                             
                           No events in this feed                                                   
  OVERVIEW                                                                                          
  › All activity      0                                                                             
                                                                                                    
  ACTIVE  0                                                                                         
                                                                                                    
  WAITING  1                                                                                        
    [&orchestrator]   .                                                                             
    Waiting for request                                                                             
                                                                                                    
  DEAD  0                                                                                           
                                                                                                    
                                                                                                    
                                                                                                    
                                                                                                    
                                                                                                    
                                                                                                    
                                                                                                    
                                                                                                    
                                                                                                    
                                                                                                    
                                                                                                    
                                                                                                    
                                                                                                    
 ctx 118k/250k  |  claude-sub 5h 62%                                                                
