 tofu  ./tofu/                     chat   agents   edits   shells                     0s [settings] 
                                                                                                    
                                                                                                   │
  File edits               internal/judge/ledger/floor_rows.go                      [edit#e5a102]  │
  2 files  ·  2 changes    ADDED  ·  2/2 files  ·  +1.2k  +0  ·                                    │
  1 mod · 1 new · 0 del    @internal/judge/ledger/floor_rows.go                                    │
  +1.2k  -2 lines          1181-1200/1200  ·  PgUp/PgDn · n/p                                      │
                                                                                                   │
  AUTHOR                   + 1181  var row1181 = floorRow{Question: "risk", Line: 1181}            │
  › All changes       2    + 1182  var row1182 = floorRow{Question: "risk", Line: 1182}            │
    &tofu     +1.2k  -2    + 1183  var row1183 = floorRow{Question: "risk", Line: 1183}            │
                           + 1184  var row1184 = floorRow{Question: "risk", Line: 1184}            │
  FILES                    + 1185  var row1185 = floorRow{Question: "risk", Line: 1185}            │
  + [edit#e5a102] floo…    + 1186  var row1186 = floorRow{Question: "risk", Line: 1186}            │
  ~ [edit#e5a101] reso…    + 1187  var row1187 = floorRow{Question: "risk", Line: 1187}            │
                           + 1188  var row1188 = floorRow{Question: "risk", Line: 1188}            │
                           + 1189  var row1189 = floorRow{Question: "risk", Line: 1189}            │
                           + 1190  var row1190 = floorRow{Question: "risk", Line: 1190}            │
                           + 1191  var row1191 = floorRow{Question: "risk", Line: 1191}            │
                           + 1192  var row1192 = floorRow{Question: "risk", Line: 1192}            │
                           + 1193  var row1193 = floorRow{Question: "risk", Line: 1193}            │
                           + 1194  var row1194 = floorRow{Question: "risk", Line: 1194}            │
                           + 1195  var row1195 = floorRow{Question: "risk", Line: 1195}            │
                           + 1196  var row1196 = floorRow{Question: "risk", Line: 1196}            │
                           + 1197  var row1197 = floorRow{Question: "risk", Line: 1197}            │
                           + 1198  var row1198 = floorRow{Question: "risk", Line: 1198}            │
                           + 1199  var row1199 = floorRow{Question: "risk", Line: 1199}            │
                           + 1200  var lastRow = floorRow{Question: "risk", Line: 1200}            ┃
                                                                                                    
 ctx 118k/250k  |  claude-sub 5h 62%                                                                
 tofu  ./tofu/                     chat   agents   edits   shells                     0s [settings] 
                                                                                                    
                                                                                                   ┃
  File edits               internal/judge/ledger/floor_rows.go                      [edit#e5a102]  │
  2 files  ·  2 changes    ADDED  ·  2/2 files  ·  +1.2k  +0  ·                                    │
  1 mod · 1 new · 0 del    @internal/judge/ledger/floor_rows.go                                    │
  +1.2k  -2 lines          1-20/1200  ·  PgUp/PgDn · n/p                                           │
                                                                                                   │
  AUTHOR                   +    1  package ledger                                                  │
  › All changes       2    +    2  var row2 = floorRow{Question: "risk", Line: 2}                  │
    &tofu     +1.2k  -2    +    3  var row3 = floorRow{Question: "risk", Line: 3}                  │
                           +    4  var row4 = floorRow{Question: "risk", Line: 4}                  │
  FILES                    +    5  var row5 = floorRow{Question: "risk", Line: 5}                  │
  + [edit#e5a102] floo…    +    6  var row6 = floorRow{Question: "risk", Line: 6}                  │
  ~ [edit#e5a101] reso…    +    7  var row7 = floorRow{Question: "risk", Line: 7}                  │
                           +    8  var row8 = floorRow{Question: "risk", Line: 8}                  │
                           +    9  var row9 = floorRow{Question: "risk", Line: 9}                  │
                           +   10  var row10 = floorRow{Question: "risk", Line: 10}                │
                           +   11  var row11 = floorRow{Question: "risk", Line: 11}                │
                           +   12  var row12 = floorRow{Question: "risk", Line: 12}                │
                           +   13  var row13 = floorRow{Question: "risk", Line: 13}                │
                           +   14  var row14 = floorRow{Question: "risk", Line: 14}                │
                           +   15  var row15 = floorRow{Question: "risk", Line: 15}                │
                           +   16  var row16 = floorRow{Question: "risk", Line: 16}                │
                           +   17  var row17 = floorRow{Question: "risk", Line: 17}                │
                           +   18  var row18 = floorRow{Question: "risk", Line: 18}                │
                           +   19  var row19 = floorRow{Question: "risk", Line: 19}                │
                           +   20  var row20 = floorRow{Question: "risk", Line: 20}                │
                                                                                                    
 ctx 118k/250k  |  claude-sub 5h 62%                                                                
