 tofu   |  ./tofu/ (git:develop)           chat   sub-agents   file edits   shells (1)   amber-cedar-otter [session#3c5f71] | 0s [settings] 




                                                                                                                        
                     Select model            CATALOG                                         SELECTION                  
                     14 models               ←→ provider · tab roles                                                    
                                                                                             claude-opus-5              
                     Models  Roles           > Type to filter                                claude-sub/claude-opus-5   
                                                                                                                        
                     PROVIDERS               › claude-opus-5                                 source  claude-sub         
                     › all                     claude-sub                                    kind    llm                
                       claude-sub              claude-sonnet-4-5-20250929                    pays    subscription       
                       Meta · no key           claude-sub · excluded                         window  5h and 7d          
                                               claude-sonnet-4-6                             layer   library            
                     f5 reloads models         claude-sub · excluded                                                    
                                               claude-sonnet-5                               EFFORT                     
                                               claude-sub                                    medium  shift+←→           
                                               muse-spark-1.1                                                           
                                               meta                                          enter picks the model      
                                                                                                                        
                                             Page 2/3  ·  ↑↓ models                                                     
                                                                                                                        
                                                                                                                        

                                                                                                                                            
  ▯ Ask tofu to build, inspect, or delegate                                                                                                 
                                                                                                                                            
 ctx 118k/250k  |  claude-sub 5h 62%                                      [&orchestrator]  ·  claude-sub/claude-opus-5  ·  reasoning medium 
 tofu   |  ./tofu/ (git:develop)           chat   sub-agents   file edits   shells (1)   amber-cedar-otter [session#3c5f71] | 0s [settings] 




                                                                                                                        
                     Select model            CATALOG                                         SELECTION                  
                     15 models               ←→ provider · tab roles                                                    
                                                                                             claude-opus-5              
                     Models  Roles           > Type to filter                                claude-sub/claude-opus-5   
                                                                                                                        
                     PROVIDERS               › claude-opus-5                                 source  claude-sub         
                     › all                     claude-sub                                    kind    llm                
                       claude-sub              claude-sonnet-4-5-20250929                    pays    subscription       
                       Meta · no key           claude-sub · excluded                         window  5h and 7d          
                                               claude-sonnet-4-6                             layer   library            
                     f5 reloads models         claude-sub · excluded                                                    
                                               claude-sonnet-5                               EFFORT                     
                                               claude-sub                                    medium  shift+←→           
                                               claude-sonnet-5-5                                                        
                                               claude-sub                                    enter picks the model      
                                                                                                                        
                                             Page 2/3  ·  ↑↓ models                                                     
                                                                                                                        
                                                                                                                        

                                                                                                                                            
  ▯ Ask tofu to build, inspect, or delegate                                                                                                 
                                                                                                                                            
 models reload found claude-sub/claude-sonnet-5-5                         [&orchestrator]  ·  claude-sub/claude-opus-5  ·  reasoning medium 
 tofu   |  ./tofu/ (git:develop)           chat   sub-agents   file edits   shells (1)   amber-cedar-otter [session#3c5f71] | 0s [settings] 




                                                                                                                        
                     Select model            CATALOG                                         SELECTION                  
                     15 models               ←→ provider · tab roles                                                    
                                                                                             claude-sonnet-5-5          
                     Models  Roles           > sonnet-5-5                                    claude-sub/claude-sonnet-  
                                                                                             5-5                        
                     PROVIDERS               › claude-sonnet-5-5                                                        
                     › all                     claude-sub                                    source  claude-sub         
                       claude-sub                                                            kind    llm                
                       Meta · no key                                                         pays    subscription       
                                                                                             window  5h and 7d          
                     f5 reloads models                                                       layer   catalog            
                                                                                                                        
                                                                                             FROM                       
                                                                                             listed by the claude-sub   
                                                                                             account                    
                                                                                                                        
                                                                                             EFFORT                     
                                                                                             medium  shift+←→           
                                                                                                                        

                                                                                                                                            
  ▯ Ask tofu to build, inspect, or delegate                                                                                                 
                                                                                                                                            
 models reload found claude-sub/claude-sonnet-5-5                         [&orchestrator]  ·  claude-sub/claude-opus-5  ·  reasoning medium 
