 tofu  ./tofu/                     chat   agents   edits   shells                     0s [settings] 
                                                                                                    
                                                                                                   │
  Sub-agents               All activity                                     6-8/8 · wheel ↑ older  │
  3 agents · live acti…                                                                            │
                                                                                                   │
  OVERVIEW                 ╭──────────────────────────────────────────────────────────────────╮    │
  › All activity      8    │                                                                  │    │
                           │  [&orchestrator]  spawn            just now  [spawn#5e03aa]      │    │
  ACTIVE  0                │  Requesting [&c3] to work on run the shell suite                 │    │
                           │  done                                                            │    │
  WAITING  3               │    spawned [&c3]                                                 │    │
    [&orchestrator]   .    │                                                                  │    │
    Waiting for request    ╰──────────────────────────────────────────────────────────────────╯    │
    [&c1]             .                                                                            │
    stopped · read the…    ╭──────────────────────────────────────────────────────────────────╮    │
    [&c2]             .    │                                                                  │    │
    in review · write …    │  [&c3]  tool                        just now  [tool#7c3e01]      │    ┃
                           │  bash                                                            │    ┃
  DEAD  1                  │  go test ./internal/shell/...                                    │    ┃
    [&c3]             ✗    │  complete                                                        │    ┃
    failed · run the s…    │    exit 1                                                        │    ┃
                           │    --- FAIL: TestKillTree (0.31s)                                │    ┃
                           │                                                                  │    ┃
                           ╰──────────────────────────────────────────────────────────────────╯    ┃
                                                                                                   │
                           ╭──────────────────────────────────────────────────────────────────╮    │
                           │                                                                  │    │
                           │  [&orchestrator]  tool              just now  [tool#9d4f10]      │     
 ctx 118k/250k  |  claude-sub 5h 62%                                                                
 tofu  ./tofu/                     chat   agents   edits   shells                     0s [settings] 
                                                                                                    
                                                                                                   │
  Sub-agents               All activity                                     6-8/9 · wheel ↑ older  │
  3 agents · live acti…                                                                            │
                                                                                                   │
  OVERVIEW                 ╭──────────────────────────────────────────────────────────────────╮    │
  › All activity      9    │                                                                  │    │
                           │  [&orchestrator]  spawn            just now  [spawn#5e03aa]      │    │
  ACTIVE  0                │  Requesting [&c3] to work on run the shell suite                 │    │
                           │  done                                                            │    │
  WAITING  3               │    spawned [&c3]                                                 │    │
    [&orchestrator]   .    │                                                                  │    │
    Waiting for request    ╰──────────────────────────────────────────────────────────────────╯    │
    [&c1]             .                                                                            │
    stopped · read the…    ╭──────────────────────────────────────────────────────────────────╮    │
    [&c2]             .    │                                                                  │    ┃
    in review · write …    │  [&c3]  tool                        just now  [tool#7c3e01]      │    ┃
                           │  bash                                                            │    ┃
  DEAD  1                  │  go test ./internal/shell/...                                    │    ┃
    [&c3]             ✗    │  complete                                                        │    ┃
    failed · run the s…    │    exit 1                                                        │    ┃
                           │    --- FAIL: TestKillTree (0.31s)                                │    ┃
                           │                                                                  │    │
                           ╰──────────────────────────────────────────────────────────────────╯    │
                                                                                                   │
                           ╭──────────────────────────────────────────────────────────────────╮    │
                           │                                                                  │    │
                           │  [&orchestrator]  tool              just now  [tool#9d4f10]      │     
 ctx 118k/250k  |  claude-sub 5h 62%                                                                
