 tofu  ./tofu/                     chat   agents   edits   shells                     0s [settings] 
                                                                                                    
                                                                                                    
  Sub-agents               All activity                                     6-8/8 · wheel ↑ older   
  3 agents · live acti…                                                                             
                           │    spawned [&c3]                                                 │    │
  OVERVIEW                 │                                                                  │    │
  › All activity      8    ╰──────────────────────────────────────────────────────────────────╯    │
                                                                                                   │
  ACTIVE  0                ╭──────────────────────────────────────────────────────────────────╮    │
                           │                                                                  │    │
  WAITING  3               │  [&c3]  tool                        just now  [tool#7c3e01]      │    │
    [&orchestrator]   .    │  bash                                                            │    │
    Waiting for request    │  go test ./internal/shell/...                                    │    │
    [&c1]             .    │  complete                                                        │    │
    read the policy lo…    │    exit 1                                                        │    │
    [&c2]             .    │    --- FAIL: TestKillTree (0.31s)                                │    │
    write the ledger f…    │                                                                  │    │
                           ╰──────────────────────────────────────────────────────────────────╯    │
  DEAD  1                                                                                          │
    [&c3]             ✗    ╭──────────────────────────────────────────────────────────────────╮    │
    run the shell suite    │                                                                  │    │
                           │  [&orchestrator]  tool              just now  [tool#9d4f10]      │    ┃
                           │  read                                                            │    ┃
                           │  internal/turn/loop.go                                           │    ┃
                           │  complete                                                        │    ┃
                           │    412 lines, 11.8 KB                                            │    ┃
                           │                                                                  │    ┃
                           ╰──────────────────────────────────────────────────────────────────╯    ┃
 ctx 118k/250k  |  claude 5h 62%                                                                    
