 tofu  ./tofu/                     chat   agents   edits   shells                     0s [settings] 
                                                                                                    
                                                                                                    
                                                                                                    
                                                                                                    
                                                                                                    
                                                                                                    
                                                                                                    
                                                                                                    
                                                                                                    
                                                                                                    
                                                                                                    
                                                                                                    
                                                                                                    
                                                                                                    
                                                                                                    
                                                                                                    
                                                                                                    
                                                                                                    
                                                                                                    
                                                                                                    
                                                                                                    
                                                                                                    
                                                                                                    
                                                                                                    
                                                                                                    
                                                                                                    
  █ Ask tofu to build, inspect, or delegate                                                         
                                                                                                    
 ctx 118k/250k  |  claude 5h 62%  [&orchestrator]  ·  claude-sub/claude-opus-5  ·  reasoning medium 
