 tofu  ./tofu/                   chat   agents   edits   shells (1)                   0s [settings] 
                                                                                                    
                                                                                                   │
  Sub-agents               [&c1]                                                   1-3/3 · newest  │
  3 agents · live acti…                                                                            ┃
                           │                                                                  │    ┃
  OVERVIEW                 │  [&c1]  owns                                                     │    ┃
    All activity      8    │  internal/judge/policy/**                                        │    ┃
                           │                                                                  │    ┃
  ACTIVE  0                ╰──────────────────────────────────────────────────────────────────╯    ┃
                                                                                                   ┃
  WAITING  3               ╭──────────────────────────────────────────────────────────────────╮    ┃
    [&orchestrator]   .    │                                                                  │    ┃
    Waiting for request    │  [&c1]  tool                        just now  [tool#7a1c02]      │    ┃
  › [&c1]             .    │  read                                                            │    ┃
    stopped · read the…    │  internal/judge/policy/resolve.go                                │    ┃
    [&c2]             .    │  complete                                                        │    ┃
    in review · write …    │    209 lines, 6.2 KB                                             │    ┃
                           │                                                                  │    ┃
  DEAD  1                  ╰──────────────────────────────────────────────────────────────────╯    ┃
    [&c3]             ✗                                                                            ┃
    failed · run the s…    ╭──────────────────────────────────────────────────────────────────╮    ┃
                           │                                                                  │    ┃
                           │  [&c1]  tool                        just now  [tool#7a1c03]      │    ┃
                           │  grep                                                            │    ┃
                           │  Resolve( internal/judge                                         │    ┃
                           │  stopped                                                         │    ┃
                           │                                                                  │    ┃
                           ╰──────────────────────────────────────────────────────────────────╯     
 ctx 118k/250k  |  claude-sub 5h 62%                                                                
 tofu  ./tofu/                   chat   agents   edits   shells (1)                   0s [settings] 
                                                                                                    
                                                                                                   ┃
  Sub-agents               [&c1]                                                   1-3/3 · newest  ┃
  3 agents · live acti…                                                                            ┃
                           ╭──────────────────────────────────────────────────────────────────╮    ┃
  OVERVIEW                 │                                                                  │    ┃
    All activity      8    │  [&c1]  owns                                                     │    ┃
                           │  internal/judge/policy/**                                        │    ┃
  ACTIVE  0                │                                                                  │    ┃
                           ╰──────────────────────────────────────────────────────────────────╯    ┃
  WAITING  3                                                                                       ┃
    [&orchestrator]   .    ╭──────────────────────────────────────────────────────────────────╮    ┃
    Waiting for request    │                                                                  │    ┃
  › [&c1]             .    │  [&c1]  tool                        just now  [tool#7a1c02]      │    ┃
    stopped · read the…    │  read                                                            │    ┃
    [&c2]             .    │  internal/judge/policy/resolve.go                                │    ┃
    in review · write …    │  complete                                                        │    ┃
                           │    209 lines, 6.2 KB                                             │    ┃
  DEAD  1                  │                                                                  │    ┃
    [&c3]             ✗    ╰──────────────────────────────────────────────────────────────────╯    ┃
    failed · run the s…                                                                            ┃
                           ╭──────────────────────────────────────────────────────────────────╮    ┃
                           │                                                                  │    ┃
                           │  [&c1]  tool                        just now  [tool#7a1c03]      │    ┃
                           │  grep                                                            │    ┃
                           │  Resolve( internal/judge                                         │    │
                           │  stopped                                                         │    │
                           │                                                                  │     
 ctx 118k/250k  |  claude-sub 5h 62%                                                                
 tofu  ./tofu/                   chat   agents   edits   shells (1)                   0s [settings] 
                                                                                                    
                                                                                                   │
  Sub-agents               [&c1]                                                   1-3/3 · newest  │
  3 agents · live acti…                                                                            ┃
                           │                                                                  │    ┃
  OVERVIEW                 │  [&c1]  owns                                                     │    ┃
    All activity      8    │  internal/judge/policy/**                                        │    ┃
                           │                                                                  │    ┃
  ACTIVE  0                ╰──────────────────────────────────────────────────────────────────╯    ┃
                                                                                                   ┃
  WAITING  3               ╭──────────────────────────────────────────────────────────────────╮    ┃
    [&orchestrator]   .    │                                                                  │    ┃
    Waiting for request    │  [&c1]  tool                        just now  [tool#7a1c02]      │    ┃
  › [&c1]             .    │  read                                                            │    ┃
    stopped · read the…    │  internal/judge/policy/resolve.go                                │    ┃
    [&c2]             .    │  complete                                                        │    ┃
    in review · write …    │    209 lines, 6.2 KB                                             │    ┃
                           │                                                                  │    ┃
  DEAD  1                  ╰──────────────────────────────────────────────────────────────────╯    ┃
    [&c3]             ✗                                                                            ┃
    failed · run the s…    ╭──────────────────────────────────────────────────────────────────╮    ┃
                           │                                                                  │    ┃
                           │  [&c1]  tool                        just now  [tool#7a1c03]      │    ┃
                           │  grep                                                            │    ┃
                           │  Resolve( internal/judge                                         │    ┃
                           │  stopped                                                         │    ┃
                           │                                                                  │    ┃
                           ╰──────────────────────────────────────────────────────────────────╯     
 ctx 118k/250k  |  claude-sub 5h 62%                                                                
