 tofu  ./tofu/                   chat   agents   edits   shells (1)                   0s [settings] 
                                                                                                    
                                                                                                   │
  Sub-agents               All activity                                            1-1/1 · newest  │
  0 agents · live acti…                                                                            │
                           │    line 39 of the tall result                                    │    │
  OVERVIEW                 │    line 40 of the tall result                                    │    │
  › All activity      1    │    line 41 of the tall result                                    │    │
                           │    line 42 of the tall result                                    │    │
  ACTIVE  0                │    line 43 of the tall result                                    │    │
                           │    line 44 of the tall result                                    │    │
  WAITING  1               │    line 45 of the tall result                                    │    │
    [&orchestrator]   .    │    line 46 of the tall result                                    │    │
    Waiting for request    │    line 47 of the tall result                                    │    │
                           │    line 48 of the tall result                                    │    │
  DEAD  0                  │    line 49 of the tall result                                    │    │
                           │    line 50 of the tall result                                    │    │
                           │    line 51 of the tall result                                    │    │
                           │    line 52 of the tall result                                    │    │
                           │    line 53 of the tall result                                    │    ┃
                           │    line 54 of the tall result                                    │    ┃
                           │    line 55 of the tall result                                    │    ┃
                           │    line 56 of the tall result                                    │    ┃
                           │    line 57 of the tall result                                    │    ┃
                           │    line 58 of the tall result                                    │    ┃
                           │    line 59 of the tall result                                    │    ┃
                           │    line 60 of the tall result                                    │    ┃
                           │                                                                  │    ┃
                           ╰──────────────────────────────────────────────────────────────────╯     
 ctx 118k/250k  |  claude-sub 5h 62%                                                                
 tofu  ./tofu/                   chat   agents   edits   shells (1)                   0s [settings] 
                                                                                                    
                                                                                                   │
  Sub-agents               All activity                                            1-1/1 · newest  │
  0 agents · live acti…                                                                            │
                           │    line 30 of the tall result                                    │    │
  OVERVIEW                 │    line 31 of the tall result                                    │    │
  › All activity      1    │    line 32 of the tall result                                    │    │
                           │    line 33 of the tall result                                    │    │
  ACTIVE  0                │    line 34 of the tall result                                    │    │
                           │    line 35 of the tall result                                    │    │
  WAITING  1               │    line 36 of the tall result                                    │    │
    [&orchestrator]   .    │    line 37 of the tall result                                    │    │
    Waiting for request    │    line 38 of the tall result                                    │    │
                           │    line 39 of the tall result                                    │    │
  DEAD  0                  │    line 40 of the tall result                                    │    ┃
                           │    line 41 of the tall result                                    │    ┃
                           │    line 42 of the tall result                                    │    ┃
                           │    line 43 of the tall result                                    │    ┃
                           │    line 44 of the tall result                                    │    ┃
                           │    line 45 of the tall result                                    │    ┃
                           │    line 46 of the tall result                                    │    ┃
                           │    line 47 of the tall result                                    │    ┃
                           │    line 48 of the tall result                                    │    ┃
                           │    line 49 of the tall result                                    │    │
                           │    line 50 of the tall result                                    │    │
                           │    line 51 of the tall result                                    │    │
                           │    line 52 of the tall result                                    │    │
                           │    line 53 of the tall result                                    │     
 ctx 118k/250k  |  claude-sub 5h 62%                                                                
 tofu  ./tofu/                   chat   agents   edits   shells (1)                   0s [settings] 
                                                                                                    
                                                                                                   ┃
  Sub-agents               All activity                                            1-1/1 · newest  ┃
  0 agents · live acti…                                                                            ┃
                           ╭──────────────────────────────────────────────────────────────────╮    ┃
  OVERVIEW                 │                                                                  │    ┃
  › All activity      1    │  [&orchestrator]  tool              just now  [tool#6f2b01]      │    ┃
                           │  bash                                                            │    ┃
  ACTIVE  0                │  go test -v ./internal/turn/...                                  │    ┃
                           │  complete                                                        │    ┃
  WAITING  1               │    line 1 of the tall result                                     │    │
    [&orchestrator]   .    │    line 2 of the tall result                                     │    │
    Waiting for request    │    line 3 of the tall result                                     │    │
                           │    line 4 of the tall result                                     │    │
  DEAD  0                  │    line 5 of the tall result                                     │    │
                           │    line 6 of the tall result                                     │    │
                           │    line 7 of the tall result                                     │    │
                           │    line 8 of the tall result                                     │    │
                           │    line 9 of the tall result                                     │    │
                           │    line 10 of the tall result                                    │    │
                           │    line 11 of the tall result                                    │    │
                           │    line 12 of the tall result                                    │    │
                           │    line 13 of the tall result                                    │    │
                           │    line 14 of the tall result                                    │    │
                           │    line 15 of the tall result                                    │    │
                           │    line 16 of the tall result                                    │    │
                           │    line 17 of the tall result                                    │    │
                           │    line 18 of the tall result                                    │     
 ctx 118k/250k  |  claude-sub 5h 62%                                                                
