
                                                        
      Host integration                             esc  
      Terminal shortcut ownership                       
                                                        
      CURRENT HOST                                      
      Zed · terminal environment                        
      WILL FORWARD IN TERMINAL                          
      ctrl+k  Search                                    
      alt+k  Commands                                   
      ctrl+l  Models                                    
      ctrl+r  Quote selection                           
      Status: not configured                            
      >  Apply tofu keybindings                         
        Undo tofu keybindings                           
        Close                                           
                                                        
      enter select · esc close                          
                                                        
