exit 0
--- stdout
{
  "tofu": "VERSION",
  "verb": "settings get",
  "ok": true,
  "at": "AT",
  "data": {
    "key": "theme",
    "category": "Appearance",
    "value": "Nord",
    "source": "project",
    "label": "Theme",
    "description": "tofu uses Zed Nu Disco; choose a palette",
    "kind": "choice",
    "choices": [
      "tofu",
      "tofu light",
      "tofu dusk",
      "Solarized Light",
      "Dracula",
      "Nord",
      "Gruvbox",
      "terminal"
    ]
  },
  "problems": []
}
--- stderr
