exit 0
--- stdout
Settings · 2 set                                                     57 declared

Appearance
  ● theme                   Nord                                  project
    density                 comfortable                           default
    animations              subtle                                default
    statusBar               compact                               default
    colorMode               auto                                  default

Interaction
    composer                standard                              default
    gatePrompt              auto                                  default
    askPersonWaitSeconds    120                                   default
  ● readBeforeEdit          false                                 global
    autoUpdate              true                                  default

Context
    chatShowsTools          false                                 default
    agentFeeds              full                                  default
    showThinking            true                                  default
    thinkingSummary         summarized                            default
    images                  auto                                  default
    projectInstructionsCap  32768                                 default
    instructionSources      agents-first                          default
    skills                  on                                    default
    memory                  true                                  default
    autoMemory              false                                 default
    episodes                on                                    default
    memoryFromAllUsers      off                                   default
    memoryModel             claude-sub/claude-haiku-4-5-20251001  default
    learn                   false                                 default

Files
    diffContext             3                                     default
    hyperlinks              auto                                  default
    groupByAgent            true                                  default

Shell
    persistentRegistry      false                                 default
    logTail                 500                                   default
    killConfirm             true                                  default
    shell                   empty                                 default
    foldHidesShell          false                                 default

Turn
    decisionCap             0                                     default
    turnMaySpawn            true                                  default
    oneTurnPerProject       true                                  default
    sideChatAccess          read                                  default
    subAgentsPerTurn        10                                    default
    subAgentDepth           2                                     default
    subAgentCache           1h                                    default
    subAgentCheckSeconds    1800                                  default
    subAgentWatchSeconds    600                                   default
    scratchCleanupDays      7                                     default
    scratchMaxGB            50                                    default
    projectManagement       off                                   default
    boardFlow               jira                                  default
    verifySubAgents         true                                  default
    agentSources            tofu,agents,claude                    default
    modelTier.genius        empty                                 default
    modelTier.smart         empty                                 default
    modelTier.worker        empty                                 default
    modelTier.dumb          empty                                 default

Browser
    browser                 drive                                 default
    browserDriver           subagent                              default
    browserSteps            30                                    default
    browserModel            empty                                 default
    browserEffort           empty                                 default
    browserCursor           true                                  default

stored in
  global    ~/.tofu/settings.json
  project   ~/project/.tofu/settings.json

  → tofu docs settings
--- stderr
