exit 0
--- stdout
{
  "tofu": "VERSION",
  "verb": "settings set",
  "ok": true,
  "at": "AT",
  "data": {
    "changes": [
      {
        "change": "changed",
        "what": "readBeforeEdit = false",
        "file": "HOME/.tofu/settings.json"
      }
    ],
    "undo": "tofu settings set --scope global readBeforeEdit true"
  },
  "problems": []
}
--- stderr
