[38;5;39mquote  3 turns                                                                  [m
[38;5;252m                                                                                [m
[38;5;39m› #c41099  the agent  the gate reads library/policy/shell.yaml                  [m
[38;5;252m  #c41099  the agent  ran read, glob                                            [m
[38;5;252m  #de2233  you        read the policy before the wire                           [m
[38;5;252m                                                                                [m
[38;5;240m↑↓ pick   enter writes the reference   type to filter                           [m
                                                                                
                                                                                
                                                                                
                                                                                
                                                                                