exit 0
--- stdout
{
  "tofu": "VERSION",
  "verb": "session rename",
  "ok": true,
  "at": "AT",
  "data": {
    "id": "turn-two",
    "name": "older-work",
    "handle": "older-work#7upyn.1",
    "family": "turn-two",
    "generation": 1,
    "at": "AT",
    "lastAt": "AT",
    "task": "the older task",
    "turns": 0,
    "sub_agents": 0,
    "steps": 0,
    "carried_messages": 0,
    "outcome": "done",
    "root": "turn-two",
    "reads": 0
  },
  "problems": []
}
--- stderr
