exit 0
--- stdout
{
  "tofu": "VERSION",
  "verb": "session info",
  "ok": true,
  "at": "AT",
  "data": {
    "id": "turn-one",
    "name": "store-walk",
    "at": "AT",
    "task": "explain the session store",
    "turns": 0,
    "sub_agents": 1,
    "steps": 1,
    "carried_messages": 3,
    "outcome": "stopped",
    "wire": "anthropic",
    "model": "claude-opus-5",
    "root": "turn-one",
    "cost_usd": 0.0054,
    "head": true,
    "reads": 1
  },
  "problems": []
}
--- stderr
