[38;5;39msettings[m

[38;5;245m  no provider is set up yet[m

[38;5;252m> scope: [global]  project[m

[38;5;245m  chat[m
[38;5;252m   chat shows every tool call    off[m[38;5;240m                                   ← default[m

[38;5;245m  turn[m
[38;5;252m * decision cap per turn, zero means no cap 12[m[38;5;240m           ← ~/.tofu/settings.json[m












