                                                                                                                        
  tofu settings           Appearance                         global scope (shift+tab)    SELECTED SETTING               
  Global preferences      Choose a row to inspect and change its value.                                                 
                                                                                         Theme                          
  CATEGORIES              › Theme                                       tofu dusk  ▾     tofu uses Zed Nu Disco;        
  › Appearance      05      tofu uses Zed Nu Disco; choose a palette                     choose a palette               
    Interaction     05                                                                                                  
    Context         14      Density                                   comfortable  ▾     CURRENT VALUE                  
    Files           03      Spacing across lists and panels                               tofu dusk                     
    Shell           05                                                                                                  
    Turn            19                                                                        T WORKS                   
    Browser         06      Search settings                                              esc   opens a focused          
                            Type to filter · ↑↓ select · enter jump                           e. Changes preview        
  NAVIGATE                                                                                    iately; Esc keeps the     
  ↑↓ setting · ←→           › diff█                                                            value.                   
  section                                                                                                               
  ctrl+k search · esc       › Files / Diff context                                                                      
  chat                                                                                        l · a project value       
                            1 of 1 results                                                    ides it                   
                                                                                              er/.tofu/settings.json    
                                                                                                                        
                                                                                                                        
                                                                                                                        
                                                                                                                        
                                                                                                                        
                                                                                                                        
                                                                                                                        
                          enter change  ·  shift+tab scope  ·  esc chat                                                 
                                                                                                                        
                                                                                                                        
                                                                                                                        
                                                                                                                        
                                                                                                                        
                                                                                                                        
                                                                                                                        
                                                                                                                        