[38;5;252;48;5;236m./tofu  ·  develop  ·  claude-sub/claude-opus-5  ·  amber-cedar-otter #3c5f71  ·  1m 22s[m[48;5;236m            [m
[38;5;39m[1] chat[m   [38;5;240m[2] work[m   [38;5;240m[3] file edits[m   [38;5;240m[4] sub-agents (1)[m   [38;5;240m[5] shells[m                              
                                                                                                    
[38;5;39m» why does the gate read the policy first?[m                                                          
                                                                                                    
[1;38;5;255m▌ [m[38;5;252mhanding the policy loader to a[m[38;5;252m child[m                                                              
                                                                                                    
[38;5;141m⟩ spawn read internal/judge/policy/resolve.go and say what it reads first                   [m  [38;5;39m1m 18s[m
[38;5;223m    #42e30c[m                                                                                         
[38;5;114m· read internal/judge/policy/resolve.go[m                                                      [38;5;223m#815e77[m
                                                                                                    
                                                                                                    
                                                                                                    
                                                                                                    
                                                                                                    
                                                                                                    
                                                                                                    
                                                                                                    
                                                                                                    
                                                                                                    
                                                                                                    
[38;5;44m⠇ 52s    c1        internal/judge/poli…read the policy loader                                    18k[m
[38;5;44m⠴ 1m 18s  working                       spawn read internal/judge/policy/resolve.go and say what it…[m
[100m                                                                                                    [m
[100m[100m[100m[37;100m  [m[m[100m[38;5;240;100mh[m[m[100m[38;5;240;100mey tofu, can you explain this repository to me?[m[m[100m[100m                                                  [m
[100m[100m[38;5;240;100m[37;100m  [m[m[30;100m [m[100m                                                                                                 [m
[100m[100m[38;5;240;100m[37;100m  [m[m[30;100m [m[100m                                                                                                 [m
[100m                                                                                                    [m
[38;5;240mctrl+c stops the turn   ⏎ send   ⇧⏎ newline   / commands[m                                            
[38;5;252;48;5;236m118k/250k ▓▓▓▓▓▓░░░░░░  ·  claude 5h  62%  resets in 3h 26m  ·  claude weekly  31%  resets in 1d 5h[m[48;5;236m [m
[38;5;252;48;5;236m284k read  61k write  190k cached  ·  jev 3  ·  ●1  ·  tofu 0.4.0[m[48;5;236m                                   [m