exit 0
--- stdout
Library · 4 layers                                             ✓ nothing refused

  models         24
  subscriptions  2
  questions      14
  docs           12 pages · 68 index entries
  proxy          rtk · library

layers
  library   library
  catalog   ~/.tofu/catalog
  global    ~/.tofu
  project   ~/project/.tofu

domains · the binary
  ✓ dev      126 rules · 4 agents · 31 references
  ✓ fetch    1 threshold
  ✓ general  22 rules · 7 thresholds · 2 agents · 4 references
  ✓ qa       9 rules · 2 skills · 1 agent · 4 references
  ✓ shell    1 threshold
--- stderr
