exit 1
--- stdout
Library · 4 layers                                                   ✗ 1 refused

  models         21
  subscriptions  2
  questions      14
  docs           22 pages · 90 index entries
  proxy          rtk · library

layers
  library   library
  catalog   ~/.tofu/catalog
  global    ~/.tofu
  project   refused\.tofu

domains · the binary
  ✓ dev      126 rules · 4 agents · 31 references
  ✓ fetch    1 threshold
  ✓ general  24 rules · 7 thresholds · 2 agents · 4 references
  ✓ qa       9 rules · 2 skills · 1 agent · 4 references
  ✓ shell    1 threshold

refused
  ✗ turn: refused\.tofu/tools/shell/proxy.yaml: use has to be off or rtk, found
    "maybe"
--- stderr
