[1mModel reload[m                                                          [38;2;212;173;120m⚠ 2 new · 1 changed · 1 failed[m
[1mAccounts[m[38;2;127;132;147m · 3 signed in[m                                                           [38;2;212;173;120m⚠ 1 needs attention[m
[1mA subject long enough that the verdict cannot share its line at eighty columns wide[m      [38;2;64;210;148m✓ installed[m
[1mReload[m                                                                                [38;2;64;210;148m✓ first reload[m
  [38;2;127;132;147m~/projects/a-made-up-harness-name/sessions/0f3a9c21-5d7e-4b88-a1c6-2e94d07b5f13/scratchpad/drive-sample-project-2593-10[m
