Model reload                                                          ⚠ 2 new · 1 changed · 1 failed
Accounts · 3 signed in                                                           ⚠ 1 needs attention
A subject long enough that the verdict cannot share its line at eighty columns wide      ✓ installed
Reload                                                                                ✓ first reload
  ~/AppData/Local/Temp/claude/F--localhost-ephem-sh-bob/872cba54-4f40-466d-99dd-a6580cd53089/scratchpad/drive17-proj-2593
