Model reload                                      ⚠ 2 new · 1 changed · 1 failed
Accounts · 3 signed in                                       ⚠ 1 needs attention
A subject long enough that the verdict cannot share its line at eighty columns
  wide
✓ installed
Reload                                                            ✓ first reload
  ~/projects/a-made-up-harness-name/sessions/0f3a9c21-5d7e-4b88-a1c6-2e94d07b5f13/scratchpad/drive-sample-project-2593-10
