[38;5;252;48;5;236m./tofu  ·  develop  ·  claude-sub/claude-opus-5  ·  amber-cedar-otter #3c5f71[m[48;5;236m   [m
[38;5;39m[1] chat[m   [38;5;240m[2] work[m   [38;5;240m[3] file edits[m   [38;5;240m[4] sub-agents[m   [38;5;240m[5] shells[m              
[38;5;240m· type a task and press enter. tofu works in tofu[m                               
                                                                                
[1;38;5;255m▌ [m[38;5;252mThe [m[38;5;255;1mgate[m[38;5;252m reads [m[38;5;44;48;5;236m toolgate.go [m[38;5;252m before the[m[38;5;252m policy.[m                               
                                                                                
                                                                                
                                                                                
                                                                                
                                                                                
                                                                                
                                                                                
                                                                                
                                                                                
                                                                                
                                                                                
                                                                                
[100m                                                                                [m
[100m[100m[100m[37;100m  [m[m[100m[38;5;240;100mh[m[m[100m[38;5;240;100mey tofu, can you explain this repository to me?[m[m[100m[100m                              [m
[100m[100m[38;5;240;100m[37;100m  [m[m[30;100m [m[100m                                                                             [m
[100m[100m[38;5;240;100m[37;100m  [m[m[30;100m [m[100m                                                                             [m
[100m                                                                                [m
[38;5;240mctrl+c quit   ⏎ send   ⇧⏎ newline   / commands[m                                  
[38;5;252;48;5;236mcontext unread  ·  quota unread[m[48;5;236m                                                 [m
[38;5;252;48;5;236m0 read  0 write  ·  jev 0  ·  tofu 0.4.0[m[48;5;236m                                        [m