[38;5;252;48;5;236m./tofu  ·  develop  ·  codex-sub/gpt-5.6-sol  ·  amber-cedar-otter #3c5f71[m[48;5;236m      [m
[38;5;240m[1] chat[m   [38;5;240m[2] work[m   [38;5;240m[3] file edits[m   [38;5;39m[4] sub-agents (1)[m   [38;5;240m[5] shells[m          
[38;5;39msub-agents  1 child, 1 running                     [m[38;5;236m │ [m[38;5;240mpick a child to watch it  [m
[38;5;252m                                                   [m[38;5;236m │ [m[38;5;240mwork                      [m
[38;5;252m ● go-dev    at work                    0s         [m[38;5;236m │ [m                          
[38;5;252m                                                   [m[38;5;236m │ [m                          
[38;5;245mownership                                          [m[38;5;236m │ [m                          
[38;5;110m    go-dev → internal/judge/**                     [m[38;5;236m │ [m                          
[38;5;252m                                                   [m[38;5;236m │ [m                          
[38;5;240m↑↓ pick a child                                    [m[38;5;236m │ [m                          
                                                   [38;5;236m │ [m                          
                                                   [38;5;236m │ [m                          
                                                   [38;5;236m │ [m                          
                                                   [38;5;236m │ [m                          
                                                   [38;5;236m │ [m                          
                                                   [38;5;236m │ [m                          
                                                   [38;5;236m │ [m                          
                                                   [38;5;236m │ [m                          
                                                   [38;5;236m │ [m                          
                                                   [38;5;236m │ [m                          
                                                   [38;5;236m │ [m                          
                                                   [38;5;236m │ [m                          
                                                   [38;5;236m │ [m                          