[38;5;252;48;5;236m./tofu  ·  develop  ·  claude-sub/claude-opus-5  ·  amber-cedar-otter #3c5f71[m[48;5;236m   [m
[38;5;240m[1] chat[m   [38;5;39m[2] work[m   [38;5;240m[3] file edits[m   [38;5;240m[4] sub-agents[m   [38;5;240m[5] shells[m              
[38;5;252m⟩ bash rg toolgate internal  2.2 KB  #c8[m                                        
[38;5;44m  out   31 lines, 2.2 KB[m                                                        
                                                                                
[38;5;252m⟩ read catalog/questions/tool_gate.yaml  1.7 KB  #c9[m                            
[38;5;44m  out   58 lines, 1.7 KB[m                                                        
                                                                                
[38;5;252m⟩ bash go test ./internal/point/...  380 bytes  #c10[m                            
[38;5;44m  out   ok tofu/internal/point 0.31s[m                                            
                                                                                
[38;5;252m⟩ read internal/turn/budget.go  5.2 KB  #c11[m                                    
[38;5;44m  out   172 lines, 5.3 KB[m                                                       
                                                                                
[38;5;252m⟩ bash for d in internal/* interface/* cmd/* +3 more  64 bytes  #c12[m            
[38;5;240m  args  cd /home/dev/tofu; for d in internal/* interface/* cmd/* catalog/*; do[m  
[38;5;240m  args  n=$(find "$d" -name '*.go' | wc -l); echo "$d $n"; done[m                 
[38;5;44m  out   14 lines, 64 bytes[m                                                      
                                                                                
[38;5;252m⟩ bash go tool deadcode -test ./...  96 bytes  #c13[m                             
[38;5;44m  out   no output[m                                                               
                                                                                
[38;5;240m↑↓ pick   enter brings a reference into chat[m                                    
[38;5;252;48;5;236mcontext unread  ·  quota unread[m[48;5;236m                                                 [m
[38;5;252;48;5;236m0 read  0 write  ·  jev 0  ·  tofu 0.4.0[m[48;5;236m                                        [m