the session behind the dialog the session behind the dialog the sessio
the session behind the dialog the session behind the dialog the sessio
the session behind the dialog the session behind the dialog the sessio
the sess                                                      e sessio
the sess  Subscription status                            esc  e sessio
the sess                                                      e sessio
the sess  claude-sub                                          e sessio
the sess  5h      ━━━━━━━─────  62%  ·  3h 28m                e sessio
the sess  weekly  ━━━━━━━━━━━─  93%  ·  2d 14h                e sessio
the sess                                                      e sessio
the sess  codex-sub                                           e sessio
the sess  weekly  ━───────────   7%  ·  6d 23h                e sessio
the sess  5h      ──────────── not reported                   e sessio
the sess                                                      e sessio
the sess                                                      e sessio
the sess                                                      e sessio
the sess                                                      e sessio
the session behind the dialog the session behind the dialog the sessio
the session behind the dialog the session behind the dialog the sessio
the session behind the dialog the session behind the dialog the sessio