underlay underlay underlay underlay underlay underlay underlay underlay underlay underlay underlay underlay underlay und
underlay underlay underlay underlay underlay underlay underlay underlay underlay underlay underlay underlay underlay und
underlay underlay underlay underlay underlay underlay underlay underlay underlay underlay underlay underlay underlay und
underlay underlay underlay underlay underlay underlay underlay underlay underlay underlay underlay underlay underlay und
underlay underlay underlay underlay underlay underlay underlay underlay underlay underlay underlay underlay underlay und
underlay underlay underlay underlay underlay underlay underlay underlay underlay underlay underlay underlay underlay und
underlay underlay underlay underlay underlay underlay underlay underlay underlay underlay underlay underlay underlay und
underlay underlay underlay underlay underlay underlay underlay underlay underlay underlay underlay underlay underlay und
underlay underlay underlay underlay underlay underlay underlay underlay underlay underlay underlay underlay underlay und
underlay underlay underlay underlay underlay underlay underlay underlay underlay underlay underlay underlay underlay und
underlay underlay underlay underlay underlay underlay underlay underlay underlay underlay underlay underlay underlay und
underlay underlay underlay underlay underlay underlay underlay underlay underlay underlay underlay underlay underlay und
underlay underlay underlay underlay underlay underlay underlay underlay underlay underlay underlay underlay underlay und
underlay underlay underlay                                                                    rlay underlay underlay und
underlay underlay underlay  Commands                                                     esc  rlay underlay underlay und
underlay underlay underlay  Jump to a view or run an action                                   rlay underlay underlay und
underlay underlay underlay                                                                    rlay underlay underlay und
underlay underlay underlay  │> model                                                          rlay underlay underlay und
underlay underlay underlay                                                                    rlay underlay underlay und
underlay underlay underlay  >  Switch model                                           ctrl+l  rlay underlay underlay und
underlay underlay underlay    Choose the model for this session                               rlay underlay underlay und
underlay underlay underlay                                                                    rlay underlay underlay und
underlay underlay underlay underlay underlay underlay underlay underlay underlay underlay underlay underlay underlay und
underlay underlay underlay underlay underlay underlay underlay underlay underlay underlay underlay underlay underlay und
underlay underlay underlay underlay underlay underlay underlay underlay underlay underlay underlay underlay underlay und
underlay underlay underlay underlay underlay underlay underlay underlay underlay underlay underlay underlay underlay und
underlay underlay underlay underlay underlay underlay underlay underlay underlay underlay underlay underlay underlay und
underlay underlay underlay underlay underlay underlay underlay underlay underlay underlay underlay underlay underlay und
underlay underlay underlay underlay underlay underlay underlay underlay underlay underlay underlay underlay underlay und
underlay underlay underlay underlay underlay underlay underlay underlay underlay underlay underlay underlay underlay und
underlay underlay underlay underlay underlay underlay underlay underlay underlay underlay underlay underlay underlay und
underlay underlay underlay underlay underlay underlay underlay underlay underlay underlay underlay underlay underlay und
underlay underlay underlay underlay underlay underlay underlay underlay underlay underlay underlay underlay underlay und
underlay underlay underlay underlay underlay underlay underlay underlay underlay underlay underlay underlay underlay und
underlay underlay underlay underlay underlay underlay underlay underlay underlay underlay underlay underlay underlay und
underlay underlay underlay underlay underlay underlay underlay underlay underlay underlay underlay underlay underlay und