underlay underlay underlay underlay underlay underlay underlay underlay underlay underlay underlay underlay underlay und
underlay underlay underlay underlay underlay underlay underlay underlay underlay underlay underlay underlay underlay und
underlay underlay underlay underlay underlay underlay underlay underlay underlay underlay underlay underlay underlay und
underlay underlay underlay underlay underlay underlay underlay underlay underlay underlay underlay underlay underlay und
underlay underlay underlay underlay underlay underlay underlay underlay underlay underlay underlay underlay underlay und
underlay underlay underlay underlay underlay underlay underlay underlay underlay underlay underlay underlay underlay und
underlay underlay underlay underlay underlay underlay underlay underlay underlay underlay underlay underlay underlay und
underlay underlay underlay underlay underlay underlay underlay underlay underlay underlay underlay underlay underlay und
underlay underlay underlay underlay underlay underlay underlay underlay underlay underlay underlay underlay underlay und
underlay underlay underlay underlay underlay underlay underlay underlay underlay underlay underlay underlay underlay und
underlay underlay underlay un                                                              nderlay underlay underlay und
underlay underlay underlay un  Run shell command?                                     esc  nderlay underlay underlay und
underlay underlay underlay un  This action leaves the current read-only step.              nderlay underlay underlay und
underlay underlay underlay un                                                              nderlay underlay underlay und
underlay underlay underlay un   go test ./interface/tui/...                                nderlay underlay underlay und
underlay underlay underlay un                                                              nderlay underlay underlay und
underlay underlay underlay un  >  Allow once                                               nderlay underlay underlay und
underlay underlay underlay un    Run this command only                                     nderlay underlay underlay und
underlay underlay underlay un                                                              nderlay underlay underlay und
underlay underlay underlay un    Allow for session                                         nderlay underlay underlay und
underlay underlay underlay un    Remember until tofu exits                                 nderlay underlay underlay und
underlay underlay underlay un                                                              nderlay underlay underlay und
underlay underlay underlay un    Deny                                                      nderlay underlay underlay und
underlay underlay underlay un    Return without running it                                 nderlay underlay underlay und
underlay underlay underlay un                                                              nderlay underlay underlay und
underlay underlay underlay underlay underlay underlay underlay underlay underlay underlay underlay underlay underlay und
underlay underlay underlay underlay underlay underlay underlay underlay underlay underlay underlay underlay underlay und
underlay underlay underlay underlay underlay underlay underlay underlay underlay underlay underlay underlay underlay und
underlay underlay underlay underlay underlay underlay underlay underlay underlay underlay underlay underlay underlay und
underlay underlay underlay underlay underlay underlay underlay underlay underlay underlay underlay underlay underlay und
underlay underlay underlay underlay underlay underlay underlay underlay underlay underlay underlay underlay underlay und
underlay underlay underlay underlay underlay underlay underlay underlay underlay underlay underlay underlay underlay und
underlay underlay underlay underlay underlay underlay underlay underlay underlay underlay underlay underlay underlay und
underlay underlay underlay underlay underlay underlay underlay underlay underlay underlay underlay underlay underlay und
underlay underlay underlay underlay underlay underlay underlay underlay underlay underlay underlay underlay underlay und
underlay underlay underlay underlay underlay underlay underlay underlay underlay underlay underlay underlay underlay und