underlay underlay underlay underlay underlay underlay underlay underlay underlay underlay underlay underlay underlay und
underlay underlay underlay underlay underlay underlay underlay underlay underlay underlay underlay underlay underlay und
underlay underlay underlay underlay underlay underlay underlay underlay underlay underlay underlay underlay underlay und
underlay underlay underlay underlay underlay underlay underlay underlay underlay underlay underlay underlay underlay und
underlay underlay underlay underlay underlay underlay underlay underlay underlay underlay underlay underlay underlay und
underlay underlay underlay underlay underlay underlay underlay underlay underlay underlay underlay underlay underlay und
underlay underlay underlay underlay underlay underlay underlay underlay underlay underlay underlay underlay underlay und
underlay underlay underlay underlay underlay underlay underlay underlay underlay underlay underlay underlay underlay und
underlay underlay underlay underlay underlay underlay underlay underlay underlay underlay underlay underlay underlay und
underlay underlay underlay underlay underlay underlay underlay underlay underlay underlay underlay underlay underlay und
underlay underlay underlay underlay underlay underlay underlay underlay underlay underlay underlay underlay underlay und
underlay underlay underlay underlay underlay underlay underlay underlay underlay underlay underlay underlay underlay und
underlay underlay underlay                                                                    rlay underlay underlay und
underlay underlay underlay  Search                                                       esc  rlay underlay underlay und
underlay underlay underlay  Find views, agents, events, and settings                          rlay underlay underlay und
underlay underlay underlay                                                                    rlay underlay underlay und
underlay underlay underlay  > shell                                                           rlay underlay underlay und
underlay underlay underlay                                                                    rlay underlay underlay und
underlay underlay underlay  › Shells                                                          rlay underlay underlay und
underlay underlay underlay    Shells / Stop on exit                                           rlay underlay underlay und
underlay underlay underlay                                                                    rlay underlay underlay und
underlay underlay underlay  1 of 2 results                                                    rlay underlay underlay und
underlay underlay underlay                                                                    rlay underlay underlay und
underlay underlay underlay underlay underlay underlay underlay underlay underlay underlay underlay underlay underlay und
underlay underlay underlay underlay underlay underlay underlay underlay underlay underlay underlay underlay underlay und
underlay underlay underlay underlay underlay underlay underlay underlay underlay underlay underlay underlay underlay und
underlay underlay underlay underlay underlay underlay underlay underlay underlay underlay underlay underlay underlay und
underlay underlay underlay underlay underlay underlay underlay underlay underlay underlay underlay underlay underlay und
underlay underlay underlay underlay underlay underlay underlay underlay underlay underlay underlay underlay underlay und
underlay underlay underlay underlay underlay underlay underlay underlay underlay underlay underlay underlay underlay und
underlay underlay underlay underlay underlay underlay underlay underlay underlay underlay underlay underlay underlay und
underlay underlay underlay underlay underlay underlay underlay underlay underlay underlay underlay underlay underlay und
underlay underlay underlay underlay underlay underlay underlay underlay underlay underlay underlay underlay underlay und
underlay underlay underlay underlay underlay underlay underlay underlay underlay underlay underlay underlay underlay und
underlay underlay underlay underlay underlay underlay underlay underlay underlay underlay underlay underlay underlay und
underlay underlay underlay underlay underlay underlay underlay underlay underlay underlay underlay underlay underlay und