[38;5;39mlinks  0 links                                                                  [m
[38;5;252m                                                                                [m
[38;5;240mthis session carried no link                                                    [m
[38;5;252m                                                                                [m
[38;5;240m↑↓ pick   enter copies   type to filter                                         [m
                                                                                
                                                                                
                                                                                
                                                                                
                                                                                
                                                                                
                                                                                
                                                                                
                                                                                
                                                                                
                                                                                
                                                                                
                                                                                
                                                                                
                                                                                
                                                                                
                                                                                
                                                                                
                                                                                