





                                                                                                              
           Select model            CATALOG                                         SELECTION                  
           20 models               ←→ provider · tab roles                                                    
                                                                                   claude-opus-5              
           Models  Roles           > Type to filter                                claude-sub/claude-opus-5   
                                                                                                              
           PROVIDERS               › claude-opus-5                                 source  claude-sub         
           › all                     claude-sub                                    kind    llm                
             claude-sub              claude-sonnet-5                               pays    subscription       
             codex-sub               claude-sub                                    window  5h and weekly      
                                     claude-haiku-4-5                                                         
                                     claude-sub                                    EFFORT                     
                                     claude-opus-4-8                               medium  shift+←→           
                                     claude-sub                                                               
                                     claude-opus-4-7                               enter picks the model      
                                     claude-sub                                                               
                                     claude-opus-4-6                                                          
                                     claude-sub                                                               
                                     claude-sonnet-4-6                                                        
                                     claude-sub                                                               
                                                                                                              
                                   Page 1/3  ·  ↑↓ models                                                     
                                                                                                              
                                                                                                              





